     2>Sandbox.obj : error LNK2019: unresolved external symbol "__declspec(dllimport) public: static class std::shared_ptr<class Engine::Framebuffer> __cdecl Engine::Framebuffer::Create(struct Engine::FramebufferSpecification const &)" (__imp_?Create@Framebuffer@Engine@@SA?AV?$shared_ptr@VFramebuffer@Engine@@@std@@AEBUFramebufferSpecification@2@@Z) referenced in function "public: virtual void __cdecl SandboxLayer::OnAttach(void)" (?OnAttach@SandboxLayer@@UEAAXXZ) [C:\Users\zbuser\OneDrive\Desktop\projects\GameEngine\Sandbox\Sandbox.vcxproj]
     2>Sandbox.obj : error LNK2019: unresolved external symbol "__declspec(dllimport) void __cdecl ImGuizmo::SetDrawlist(struct ImDrawList *)" (__imp_?SetDrawlist@ImGuizmo@@YAXPEAUImDrawList@@@Z) referenced in function "public: virtual void __cdecl SandboxLayer::OnImGuiRender(void)" (?OnImGuiRender@SandboxLayer@@UEAAXXZ) [C:\Users\zbuser\OneDrive\Desktop\projects\GameEngine\Sandbox\Sandbox.vcxproj]
     2>Sandbox.obj : error LNK2019: unresolved external symbol "__declspec(dllimport) bool __cdecl ImGuizmo::IsUsing(void)" (__imp_?IsUsing@ImGuizmo@@YA_NXZ) referenced in function "public: virtual void __cdecl SandboxLayer::OnImGuiRender(void)" (?OnImGuiRender@SandboxLayer@@UEAAXXZ) [C:\Users\zbuser\OneDrive\Desktop\projects\GameEngine\Sandbox\Sandbox.vcxproj]
     2>Sandbox.obj : error LNK2019: unresolved external symbol "__declspec(dllimport) void __cdecl ImGuizmo::DecomposeMatrixToComponents(float const *,float *,float *,float *)" (__imp_?DecomposeMatrixToComponents@ImGuizmo@@YAXPEBMPEAM11@Z) referenced in function "public: virtual void __cdecl SandboxLayer::OnImGuiRender(void)" (?OnImGuiRender@SandboxLayer@@UEAAXXZ) [C:\Users\zbuser\OneDrive\Desktop\projects\GameEngine\Sandbox\Sandbox.vcxproj]
     2>Sandbox.obj : error LNK2019: unresolved external symbol "__declspec(dllimport) void __cdecl ImGuizmo::SetRect(float,float,float,float)" (__imp_?SetRect@ImGuizmo@@YAXMMMM@Z) referenced in function "public: virtual void __cdecl SandboxLayer::OnImGuiRender(void)" (?OnImGuiRender@SandboxLayer@@UEAAXXZ) [C:\Users\zbuser\OneDrive\Desktop\projects\GameEngine\Sandbox\Sandbox.vcxproj]
     2>Sandbox.obj : error LNK2019: unresolved external symbol "__declspec(dllimport) void __cdecl ImGuizmo::SetOrthographic(bool)" (__imp_?SetOrthographic@ImGuizmo@@YAX_N@Z) referenced in function "public: virtual void __cdecl SandboxLayer::OnImGuiRender(void)" (?OnImGuiRender@SandboxLayer@@UEAAXXZ) [C:\Users\zbuser\OneDrive\Desktop\projects\GameEngine\Sandbox\Sandbox.vcxproj]
     2>Sandbox.obj : error LNK2019: unresolved external symbol "__declspec(dllimport) bool __cdecl ImGuizmo::Manipulate(float const *,float const *,enum ImGuizmo::OPERATION,enum ImGuizmo::MODE,float *,float *,float const *,float const *,float const *)" (__imp_?Manipulate@ImGuizmo@@YA_NPEBM0W4OPERATION@1@W4MODE@1@PEAM3000@Z) referenced in function "public: virtual void __cdecl SandboxLayer::OnImGuiRender(void)" (?OnImGuiRender@SandboxLayer@@UEAAXXZ) [C:\Users\zbuser\OneDrive\Desktop\projects\GameEngine\Sandbox\Sandbox.vcxproj]
     2>..\bin\Debug-windows-x86_64\Sandbox\Sandbox.exe : fatal error LNK1120: 7 unresolved externals [C:\Users\zbuser\OneDrive\Desktop\projects\GameEngine\Sandbox\Sandbox.vcxproj]
