MSBuild version 17.13.19+0d9f5a35a for .NET Framework
Build started 16-02-2026 10:01:27.

     1>Project "C:\Users\zbuser\OneDrive\Desktop\projects\GameEngine\Engine.sln" on node 1 (Engine target(s)).
     1>ValidateSolutionConfiguration:
         Building solution configuration "Debug|x64".
     1>Project "C:\Users\zbuser\OneDrive\Desktop\projects\GameEngine\Engine.sln" (1) is building "C:\Users\zbuser\OneDrive\Desktop\projects\GameEngine\Engine\Engine.vcxproj" (2) on node 1 (default targets).
     2>Project "C:\Users\zbuser\OneDrive\Desktop\projects\GameEngine\Engine\Engine.vcxproj" (2) is building "C:\Users\zbuser\OneDrive\Desktop\projects\GameEngine\Engine\vendor\glfw\GLFW.vcxproj" (3) on node 1 (default targets).
     3>PrepareForBuild:
         Structured output is enabled. The formatting of compiler diagnostics will reflect the error hierarchy. See https://aka.ms/cpp/structured-output for more details.
       InitializeBuildStatus:
         Creating "..\..\..\bin-int\Debug-windows-x86_64\GLFW\GLFW.tlog\unsuccessfulbuild" because "AlwaysCreate" was specified.
         Touching "..\..\..\bin-int\Debug-windows-x86_64\GLFW\GLFW.tlog\unsuccessfulbuild".
     2>Project "C:\Users\zbuser\OneDrive\Desktop\projects\GameEngine\Engine\Engine.vcxproj" (2) is building "C:\Users\zbuser\OneDrive\Desktop\projects\GameEngine\Engine\vendor\imgui\ImGui.vcxproj" (4) on node 2 (default targets).
     4>PrepareForBuild:
         Structured output is enabled. The formatting of compiler diagnostics will reflect the error hierarchy. See https://aka.ms/cpp/structured-output for more details.
       InitializeBuildStatus:
         Creating "..\..\..\bin-int\Debug-windows-x86_64\ImGui\ImGui.tlog\unsuccessfulbuild" because "AlwaysCreate" was specified.
         Touching "..\..\..\bin-int\Debug-windows-x86_64\ImGui\ImGui.tlog\unsuccessfulbuild".
       ClCompile:
         All outputs are up-to-date.
       Lib:
         All outputs are up-to-date.
         ImGui.vcxproj -> C:\Users\zbuser\OneDrive\Desktop\projects\GameEngine\bin\Debug-windows-x86_64\ImGui\ImGui.lib
       FinalizeBuildStatus:
         Deleting file "..\..\..\bin-int\Debug-windows-x86_64\ImGui\ImGui.tlog\unsuccessfulbuild".
         Touching "..\..\..\bin-int\Debug-windows-x86_64\ImGui\ImGui.tlog\ImGui.lastbuildstate".
     4>Done Building Project "C:\Users\zbuser\OneDrive\Desktop\projects\GameEngine\Engine\vendor\imgui\ImGui.vcxproj" (default targets).
     3>ClCompile:
         All outputs are up-to-date.
       Lib:
         All outputs are up-to-date.
         GLFW.vcxproj -> C:\Users\zbuser\OneDrive\Desktop\projects\GameEngine\bin\Debug-windows-x86_64\GLFW\GLFW.lib
       FinalizeBuildStatus:
         Deleting file "..\..\..\bin-int\Debug-windows-x86_64\GLFW\GLFW.tlog\unsuccessfulbuild".
         Touching "..\..\..\bin-int\Debug-windows-x86_64\GLFW\GLFW.tlog\GLFW.lastbuildstate".
     3>Done Building Project "C:\Users\zbuser\OneDrive\Desktop\projects\GameEngine\Engine\vendor\glfw\GLFW.vcxproj" (default targets).
     2>PrepareForBuild:
         Structured output is enabled. The formatting of compiler diagnostics will reflect the error hierarchy. See https://aka.ms/cpp/structured-output for more details.
       InitializeBuildStatus:
         Touching "..\bin-int\Debug-windows-x86_64\Engine\Engine.tlog\unsuccessfulbuild".
       ClCompile:
         C:\Program Files\Microsoft Visual Studio\2022\Community\VC\Tools\MSVC\14.43.34808\bin\HostX86\x64\CL.exe /c /Ivendor\spdlog\include /Isrc /Ivendor\glfw\include /Ivendor\glad\include /Ivendor\glm /Ivendor\imgui /Ivendor\imgui\backends /ZI /JMC /nologo /W3 /WX- /diagnostics:column /Od /D GLFW_INCLUDE_NONE /D ENGINE_PLATFORM_WINDOWS /D ENGINE_BUILD_DLL /D ENGINE_DEBUG /D _WINDLL /D _UNICODE /D UNICODE /Gm- /EHsc /RTC1 /MTd /GS /fp:precise /Zc:wchar_t /Zc:forScope /Zc:inline /std:c++17 /Fo"..\bin-int\Debug-windows-x86_64\Engine\\" /Fd"..\bin-int\Debug-windows-x86_64\Engine\vc143.pdb" /external:W3 /Gd /TP /wd4251 /FC /errorReport:queue /utf-8 src\Engine\LayerStack.cpp src\Engine\Log.cpp src\Platform\Windows\WindowsWindow.cpp
         LayerStack.cpp
         Log.cpp
     2>C:\Program Files\Microsoft Visual Studio\2022\Community\VC\Tools\MSVC\14.43.34808\include\__msvc_string_view.hpp(524,23): error C2027: use of undefined type 'std::basic_ostream<char,std::char_traits<char>>' [C:\Users\zbuser\OneDrive\Desktop\projects\GameEngine\Engine\Engine.vcxproj]
         (compiling source file 'src/Engine/LayerStack.cpp')
             C:\Program Files\Microsoft Visual Studio\2022\Community\VC\Tools\MSVC\14.43.34808\include\iosfwd(179,7):
             see declaration of 'std::basic_ostream<char,std::char_traits<char>>'
             C:\Program Files\Microsoft Visual Studio\2022\Community\VC\Tools\MSVC\14.43.34808\include\__msvc_string_view.hpp(524,23):
             the template instantiation context (the oldest one first) is
                 C:\Users\zbuser\OneDrive\Desktop\projects\GameEngine\Engine\src\Engine\Events\Event.h(71,13):
                 see reference to function template instantiation 'std::basic_ostream<char,std::char_traits<char>> &std::operator <<<char,std::char_traits<char>,std::allocator<char>>(std::basic_ostream<char,std::char_traits<char>> &,const std::basic_string<char,std::char_traits<char>,std::allocator<char>> &)' being compiled
                 C:\Program Files\Microsoft Visual Studio\2022\Community\VC\Tools\MSVC\14.43.34808\include\xstring(3410,12):
                 see reference to function template instantiation 'std::basic_ostream<char,std::char_traits<char>> &std::_Insert_string<char,std::char_traits<char>,unsigned __int64>(std::basic_ostream<char,std::char_traits<char>> &,const _Elem *const ,const _SizeT)' being compiled
                 with
                 [
                     _Elem=char,
                     _SizeT=unsigned __int64
                 ]
         
     2>C:\Program Files\Microsoft Visual Studio\2022\Community\VC\Tools\MSVC\14.43.34808\include\__msvc_string_view.hpp(524,23): error C2065: 'iostate': undeclared identifier [C:\Users\zbuser\OneDrive\Desktop\projects\GameEngine\Engine\Engine.vcxproj]
         (compiling source file 'src/Engine/LayerStack.cpp')
         
     2>C:\Program Files\Microsoft Visual Studio\2022\Community\VC\Tools\MSVC\14.43.34808\include\__msvc_string_view.hpp(524,31): error C2146: syntax error: missing ';' before identifier '_State' [C:\Users\zbuser\OneDrive\Desktop\projects\GameEngine\Engine\Engine.vcxproj]
         (compiling source file 'src/Engine/LayerStack.cpp')
         
     2>C:\Program Files\Microsoft Visual Studio\2022\Community\VC\Tools\MSVC\14.43.34808\include\__msvc_string_view.hpp(524,31): error C2065: '_State': undeclared identifier [C:\Users\zbuser\OneDrive\Desktop\projects\GameEngine\Engine\Engine.vcxproj]
         (compiling source file 'src/Engine/LayerStack.cpp')
         
     2>C:\Program Files\Microsoft Visual Studio\2022\Community\VC\Tools\MSVC\14.43.34808\include\__msvc_string_view.hpp(524,49): error C2027: use of undefined type 'std::basic_ostream<char,std::char_traits<char>>' [C:\Users\zbuser\OneDrive\Desktop\projects\GameEngine\Engine\Engine.vcxproj]
         (compiling source file 'src/Engine/LayerStack.cpp')
             C:\Program Files\Microsoft Visual Studio\2022\Community\VC\Tools\MSVC\14.43.34808\include\iosfwd(179,7):
             see declaration of 'std::basic_ostream<char,std::char_traits<char>>'
         
     2>C:\Program Files\Microsoft Visual Studio\2022\Community\VC\Tools\MSVC\14.43.34808\include\__msvc_string_view.hpp(524,49): error C2065: 'goodbit': undeclared identifier [C:\Users\zbuser\OneDrive\Desktop\projects\GameEngine\Engine\Engine.vcxproj]
         (compiling source file 'src/Engine/LayerStack.cpp')
         
     2>C:\Program Files\Microsoft Visual Studio\2022\Community\VC\Tools\MSVC\14.43.34808\include\__msvc_string_view.hpp(527,9): error C2027: use of undefined type 'std::basic_ostream<char,std::char_traits<char>>' [C:\Users\zbuser\OneDrive\Desktop\projects\GameEngine\Engine\Engine.vcxproj]
         (compiling source file 'src/Engine/LayerStack.cpp')
             C:\Program Files\Microsoft Visual Studio\2022\Community\VC\Tools\MSVC\14.43.34808\include\iosfwd(179,7):
             see declaration of 'std::basic_ostream<char,std::char_traits<char>>'
         
     2>C:\Program Files\Microsoft Visual Studio\2022\Community\VC\Tools\MSVC\14.43.34808\include\__msvc_string_view.hpp(527,51): error C2027: use of undefined type 'std::basic_ostream<char,std::char_traits<char>>' [C:\Users\zbuser\OneDrive\Desktop\projects\GameEngine\Engine\Engine.vcxproj]
         (compiling source file 'src/Engine/LayerStack.cpp')
             C:\Program Files\Microsoft Visual Studio\2022\Community\VC\Tools\MSVC\14.43.34808\include\iosfwd(179,7):
             see declaration of 'std::basic_ostream<char,std::char_traits<char>>'
         
     2>C:\Program Files\Microsoft Visual Studio\2022\Community\VC\Tools\MSVC\14.43.34808\include\__msvc_string_view.hpp(530,36): error C2027: use of undefined type 'std::basic_ostream<char,std::char_traits<char>>' [C:\Users\zbuser\OneDrive\Desktop\projects\GameEngine\Engine\Engine.vcxproj]
         (compiling source file 'src/Engine/LayerStack.cpp')
             C:\Program Files\Microsoft Visual Studio\2022\Community\VC\Tools\MSVC\14.43.34808\include\iosfwd(179,7):
             see declaration of 'std::basic_ostream<char,std::char_traits<char>>'
         
     2>C:\Program Files\Microsoft Visual Studio\2022\Community\VC\Tools\MSVC\14.43.34808\include\__msvc_string_view.hpp(533,29): error C2027: use of undefined type 'std::basic_ostream<char,std::char_traits<char>>' [C:\Users\zbuser\OneDrive\Desktop\projects\GameEngine\Engine\Engine.vcxproj]
         (compiling source file 'src/Engine/LayerStack.cpp')
             C:\Program Files\Microsoft Visual Studio\2022\Community\VC\Tools\MSVC\14.43.34808\include\iosfwd(179,7):
             see declaration of 'std::basic_ostream<char,std::char_traits<char>>'
         
     2>C:\Program Files\Microsoft Visual Studio\2022\Community\VC\Tools\MSVC\14.43.34808\include\__msvc_string_view.hpp(533,5): error C4430: missing type specifier - int assumed. Note: C++ does not support default-int [C:\Users\zbuser\OneDrive\Desktop\projects\GameEngine\Engine\Engine.vcxproj]
         (compiling source file 'src/Engine/LayerStack.cpp')
         
     2>C:\Program Files\Microsoft Visual Studio\2022\Community\VC\Tools\MSVC\14.43.34808\include\__msvc_string_view.hpp(533,36): error C2146: syntax error: missing ';' before identifier '_Ok' [C:\Users\zbuser\OneDrive\Desktop\projects\GameEngine\Engine\Engine.vcxproj]
         (compiling source file 'src/Engine/LayerStack.cpp')
         
     2>C:\Program Files\Microsoft Visual Studio\2022\Community\VC\Tools\MSVC\14.43.34808\include\__msvc_string_view.hpp(533,36): error C3861: '_Ok': identifier not found [C:\Users\zbuser\OneDrive\Desktop\projects\GameEngine\Engine\Engine.vcxproj]
         (compiling source file 'src/Engine/LayerStack.cpp')
         
     2>C:\Program Files\Microsoft Visual Studio\2022\Community\VC\Tools\MSVC\14.43.34808\include\__msvc_string_view.hpp(535,10): error C2065: '_Ok': undeclared identifier [C:\Users\zbuser\OneDrive\Desktop\projects\GameEngine\Engine\Engine.vcxproj]
         (compiling source file 'src/Engine/LayerStack.cpp')
         
     2>C:\Program Files\Microsoft Visual Studio\2022\Community\VC\Tools\MSVC\14.43.34808\include\__msvc_string_view.hpp(536,9): error C2065: '_State': undeclared identifier [C:\Users\zbuser\OneDrive\Desktop\projects\GameEngine\Engine\Engine.vcxproj]
         (compiling source file 'src/Engine/LayerStack.cpp')
         
     2>C:\Program Files\Microsoft Visual Studio\2022\Community\VC\Tools\MSVC\14.43.34808\include\__msvc_string_view.hpp(536,28): error C2027: use of undefined type 'std::basic_ostream<char,std::char_traits<char>>' [C:\Users\zbuser\OneDrive\Desktop\projects\GameEngine\Engine\Engine.vcxproj]
         (compiling source file 'src/Engine/LayerStack.cpp')
             C:\Program Files\Microsoft Visual Studio\2022\Community\VC\Tools\MSVC\14.43.34808\include\iosfwd(179,7):
             see declaration of 'std::basic_ostream<char,std::char_traits<char>>'
         
     2>C:\Program Files\Microsoft Visual Studio\2022\Community\VC\Tools\MSVC\14.43.34808\include\__msvc_string_view.hpp(536,28): error C2065: 'badbit': undeclared identifier [C:\Users\zbuser\OneDrive\Desktop\projects\GameEngine\Engine\Engine.vcxproj]
         (compiling source file 'src/Engine/LayerStack.cpp')
         
     2>C:\Program Files\Microsoft Visual Studio\2022\Community\VC\Tools\MSVC\14.43.34808\include\__msvc_string_view.hpp(539,14): error C2027: use of undefined type 'std::basic_ostream<char,std::char_traits<char>>' [C:\Users\zbuser\OneDrive\Desktop\projects\GameEngine\Engine\Engine.vcxproj]
         (compiling source file 'src/Engine/LayerStack.cpp')
             C:\Program Files\Microsoft Visual Studio\2022\Community\VC\Tools\MSVC\14.43.34808\include\iosfwd(179,7):
             see declaration of 'std::basic_ostream<char,std::char_traits<char>>'
         
     2>C:\Program Files\Microsoft Visual Studio\2022\Community\VC\Tools\MSVC\14.43.34808\include\__msvc_string_view.hpp(539,39): error C2027: use of undefined type 'std::basic_ostream<char,std::char_traits<char>>' [C:\Users\zbuser\OneDrive\Desktop\projects\GameEngine\Engine\Engine.vcxproj]
         (compiling source file 'src/Engine/LayerStack.cpp')
             C:\Program Files\Microsoft Visual Studio\2022\Community\VC\Tools\MSVC\14.43.34808\include\iosfwd(179,7):
             see declaration of 'std::basic_ostream<char,std::char_traits<char>>'
         
     2>C:\Program Files\Microsoft Visual Studio\2022\Community\VC\Tools\MSVC\14.43.34808\include\__msvc_string_view.hpp(539,39): error C2065: 'adjustfield': undeclared identifier [C:\Users\zbuser\OneDrive\Desktop\projects\GameEngine\Engine\Engine.vcxproj]
         (compiling source file 'src/Engine/LayerStack.cpp')
         
     2>C:\Program Files\Microsoft Visual Studio\2022\Community\VC\Tools\MSVC\14.43.34808\include\__msvc_string_view.hpp(539,64): error C2027: use of undefined type 'std::basic_ostream<char,std::char_traits<char>>' [C:\Users\zbuser\OneDrive\Desktop\projects\GameEngine\Engine\Engine.vcxproj]
         (compiling source file 'src/Engine/LayerStack.cpp')
             C:\Program Files\Microsoft Visual Studio\2022\Community\VC\Tools\MSVC\14.43.34808\include\iosfwd(179,7):
             see declaration of 'std::basic_ostream<char,std::char_traits<char>>'
         
     2>C:\Program Files\Microsoft Visual Studio\2022\Community\VC\Tools\MSVC\14.43.34808\include\__msvc_string_view.hpp(539,64): error C2065: 'left': undeclared identifier [C:\Users\zbuser\OneDrive\Desktop\projects\GameEngine\Engine\Engine.vcxproj]
         (compiling source file 'src/Engine/LayerStack.cpp')
         
     2>C:\Program Files\Microsoft Visual Studio\2022\Community\VC\Tools\MSVC\14.43.34808\include\__msvc_string_view.hpp(541,58): error C2027: use of undefined type 'std::basic_ostream<char,std::char_traits<char>>' [C:\Users\zbuser\OneDrive\Desktop\projects\GameEngine\Engine\Engine.vcxproj]
         (compiling source file 'src/Engine/LayerStack.cpp')
             C:\Program Files\Microsoft Visual Studio\2022\Community\VC\Tools\MSVC\14.43.34808\include\iosfwd(179,7):
             see declaration of 'std::basic_ostream<char,std::char_traits<char>>'
         
     2>C:\Program Files\Microsoft Visual Studio\2022\Community\VC\Tools\MSVC\14.43.34808\include\__msvc_string_view.hpp(541,79): error C2027: use of undefined type 'std::basic_ostream<char,std::char_traits<char>>' [C:\Users\zbuser\OneDrive\Desktop\projects\GameEngine\Engine\Engine.vcxproj]
         (compiling source file 'src/Engine/LayerStack.cpp')
             C:\Program Files\Microsoft Visual Studio\2022\Community\VC\Tools\MSVC\14.43.34808\include\iosfwd(179,7):
             see declaration of 'std::basic_ostream<char,std::char_traits<char>>'
         
     2>C:\Program Files\Microsoft Visual Studio\2022\Community\VC\Tools\MSVC\14.43.34808\include\__msvc_string_view.hpp(541,30): error C2660: 'std::_Narrow_char_traits<char,int>::eq_int_type': function does not take 1 arguments [C:\Users\zbuser\OneDrive\Desktop\projects\GameEngine\Engine\Engine.vcxproj]
         (compiling source file 'src/Engine/LayerStack.cpp')
             C:\Program Files\Microsoft Visual Studio\2022\Community\VC\Tools\MSVC\14.43.34808\include\__msvc_string_view.hpp(495,38):
             see declaration of 'std::_Narrow_char_traits<char,int>::eq_int_type'
             C:\Program Files\Microsoft Visual Studio\2022\Community\VC\Tools\MSVC\14.43.34808\include\__msvc_string_view.hpp(541,30):
             while trying to match the argument list '(int)'
         
     2>C:\Program Files\Microsoft Visual Studio\2022\Community\VC\Tools\MSVC\14.43.34808\include\__msvc_string_view.hpp(542,21): error C2065: '_State': undeclared identifier [C:\Users\zbuser\OneDrive\Desktop\projects\GameEngine\Engine\Engine.vcxproj]
         (compiling source file 'src/Engine/LayerStack.cpp')
         
     2>C:\Program Files\Microsoft Visual Studio\2022\Community\VC\Tools\MSVC\14.43.34808\include\__msvc_string_view.hpp(542,40): error C2027: use of undefined type 'std::basic_ostream<char,std::char_traits<char>>' [C:\Users\zbuser\OneDrive\Desktop\projects\GameEngine\Engine\Engine.vcxproj]
         (compiling source file 'src/Engine/LayerStack.cpp')
             C:\Program Files\Microsoft Visual Studio\2022\Community\VC\Tools\MSVC\14.43.34808\include\iosfwd(179,7):
             see declaration of 'std::basic_ostream<char,std::char_traits<char>>'
         
     2>C:\Program Files\Microsoft Visual Studio\2022\Community\VC\Tools\MSVC\14.43.34808\include\__msvc_string_view.hpp(542,40): error C2065: 'badbit': undeclared identifier [C:\Users\zbuser\OneDrive\Desktop\projects\GameEngine\Engine\Engine.vcxproj]
         (compiling source file 'src/Engine/LayerStack.cpp')
         
     2>C:\Program Files\Microsoft Visual Studio\2022\Community\VC\Tools\MSVC\14.43.34808\include\__msvc_string_view.hpp(548,13): error C2065: '_State': undeclared identifier [C:\Users\zbuser\OneDrive\Desktop\projects\GameEngine\Engine\Engine.vcxproj]
         (compiling source file 'src/Engine/LayerStack.cpp')
         
     2>C:\Program Files\Microsoft Visual Studio\2022\Community\VC\Tools\MSVC\14.43.34808\include\__msvc_string_view.hpp(548,32): error C2027: use of undefined type 'std::basic_ostream<char,std::char_traits<char>>' [C:\Users\zbuser\OneDrive\Desktop\projects\GameEngine\Engine\Engine.vcxproj]
         (compiling source file 'src/Engine/LayerStack.cpp')
             C:\Program Files\Microsoft Visual Studio\2022\Community\VC\Tools\MSVC\14.43.34808\include\iosfwd(179,7):
             see declaration of 'std::basic_ostream<char,std::char_traits<char>>'
         
     2>C:\Program Files\Microsoft Visual Studio\2022\Community\VC\Tools\MSVC\14.43.34808\include\__msvc_string_view.hpp(548,32): error C2065: 'goodbit': undeclared identifier [C:\Users\zbuser\OneDrive\Desktop\projects\GameEngine\Engine\Engine.vcxproj]
         (compiling source file 'src/Engine/LayerStack.cpp')
         
     2>C:\Program Files\Microsoft Visual Studio\2022\Community\VC\Tools\MSVC\14.43.34808\include\__msvc_string_view.hpp(549,16): error C2027: use of undefined type 'std::basic_ostream<char,std::char_traits<char>>' [C:\Users\zbuser\OneDrive\Desktop\projects\GameEngine\Engine\Engine.vcxproj]
         (compiling source file 'src/Engine/LayerStack.cpp')
             C:\Program Files\Microsoft Visual Studio\2022\Community\VC\Tools\MSVC\14.43.34808\include\iosfwd(179,7):
             see declaration of 'std::basic_ostream<char,std::char_traits<char>>'
         
     2>C:\Program Files\Microsoft Visual Studio\2022\Community\VC\Tools\MSVC\14.43.34808\include\__msvc_string_view.hpp(550,13): error C2065: '_State': undeclared identifier [C:\Users\zbuser\OneDrive\Desktop\projects\GameEngine\Engine\Engine.vcxproj]
         (compiling source file 'src/Engine/LayerStack.cpp')
         
     2>C:\Program Files\Microsoft Visual Studio\2022\Community\VC\Tools\MSVC\14.43.34808\include\__msvc_string_view.hpp(550,32): error C2027: use of undefined type 'std::basic_ostream<char,std::char_traits<char>>' [C:\Users\zbuser\OneDrive\Desktop\projects\GameEngine\Engine\Engine.vcxproj]
         (compiling source file 'src/Engine/LayerStack.cpp')
             C:\Program Files\Microsoft Visual Studio\2022\Community\VC\Tools\MSVC\14.43.34808\include\iosfwd(179,7):
             see declaration of 'std::basic_ostream<char,std::char_traits<char>>'
         
     2>C:\Program Files\Microsoft Visual Studio\2022\Community\VC\Tools\MSVC\14.43.34808\include\__msvc_string_view.hpp(550,32): error C2065: 'badbit': undeclared identifier [C:\Users\zbuser\OneDrive\Desktop\projects\GameEngine\Engine\Engine.vcxproj]
         (compiling source file 'src/Engine/LayerStack.cpp')
         
     2>C:\Program Files\Microsoft Visual Studio\2022\Community\VC\Tools\MSVC\14.43.34808\include\__msvc_string_view.hpp(553,58): error C2027: use of undefined type 'std::basic_ostream<char,std::char_traits<char>>' [C:\Users\zbuser\OneDrive\Desktop\projects\GameEngine\Engine\Engine.vcxproj]
         (compiling source file 'src/Engine/LayerStack.cpp')
             C:\Program Files\Microsoft Visual Studio\2022\Community\VC\Tools\MSVC\14.43.34808\include\iosfwd(179,7):
             see declaration of 'std::basic_ostream<char,std::char_traits<char>>'
         
     2>C:\Program Files\Microsoft Visual Studio\2022\Community\VC\Tools\MSVC\14.43.34808\include\__msvc_string_view.hpp(553,79): error C2027: use of undefined type 'std::basic_ostream<char,std::char_traits<char>>' [C:\Users\zbuser\OneDrive\Desktop\projects\GameEngine\Engine\Engine.vcxproj]
         (compiling source file 'src/Engine/LayerStack.cpp')
             C:\Program Files\Microsoft Visual Studio\2022\Community\VC\Tools\MSVC\14.43.34808\include\iosfwd(179,7):
             see declaration of 'std::basic_ostream<char,std::char_traits<char>>'
         
     2>C:\Program Files\Microsoft Visual Studio\2022\Community\VC\Tools\MSVC\14.43.34808\include\__msvc_string_view.hpp(553,30): error C2660: 'std::_Narrow_char_traits<char,int>::eq_int_type': function does not take 1 arguments [C:\Users\zbuser\OneDrive\Desktop\projects\GameEngine\Engine\Engine.vcxproj]
         (compiling source file 'src/Engine/LayerStack.cpp')
             C:\Program Files\Microsoft Visual Studio\2022\Community\VC\Tools\MSVC\14.43.34808\include\__msvc_string_view.hpp(495,38):
             see declaration of 'std::_Narrow_char_traits<char,int>::eq_int_type'
             C:\Program Files\Microsoft Visual Studio\2022\Community\VC\Tools\MSVC\14.43.34808\include\__msvc_string_view.hpp(553,30):
             while trying to match the argument list '(int)'
         
     2>C:\Program Files\Microsoft Visual Studio\2022\Community\VC\Tools\MSVC\14.43.34808\include\__msvc_string_view.hpp(554,21): error C2065: '_State': undeclared identifier [C:\Users\zbuser\OneDrive\Desktop\projects\GameEngine\Engine\Engine.vcxproj]
         (compiling source file 'src/Engine/LayerStack.cpp')
         
     2>C:\Program Files\Microsoft Visual Studio\2022\Community\VC\Tools\MSVC\14.43.34808\include\__msvc_string_view.hpp(554,40): error C2027: use of undefined type 'std::basic_ostream<char,std::char_traits<char>>' [C:\Users\zbuser\OneDrive\Desktop\projects\GameEngine\Engine\Engine.vcxproj]
         (compiling source file 'src/Engine/LayerStack.cpp')
             C:\Program Files\Microsoft Visual Studio\2022\Community\VC\Tools\MSVC\14.43.34808\include\iosfwd(179,7):
             see declaration of 'std::basic_ostream<char,std::char_traits<char>>'
         
     2>C:\Program Files\Microsoft Visual Studio\2022\Community\VC\Tools\MSVC\14.43.34808\include\__msvc_string_view.hpp(554,40): error C2065: 'badbit': undeclared identifier [C:\Users\zbuser\OneDrive\Desktop\projects\GameEngine\Engine\Engine.vcxproj]
         (compiling source file 'src/Engine/LayerStack.cpp')
         
     2>C:\Program Files\Microsoft Visual Studio\2022\Community\VC\Tools\MSVC\14.43.34808\include\__msvc_string_view.hpp(560,9): error C2027: use of undefined type 'std::basic_ostream<char,std::char_traits<char>>' [C:\Users\zbuser\OneDrive\Desktop\projects\GameEngine\Engine\Engine.vcxproj]
         (compiling source file 'src/Engine/LayerStack.cpp')
             C:\Program Files\Microsoft Visual Studio\2022\Community\VC\Tools\MSVC\14.43.34808\include\iosfwd(179,7):
             see declaration of 'std::basic_ostream<char,std::char_traits<char>>'
         
     2>C:\Program Files\Microsoft Visual Studio\2022\Community\VC\Tools\MSVC\14.43.34808\include\__msvc_string_view.hpp(561,9): error C2027: use of undefined type 'std::basic_ostream<char,std::char_traits<char>>' [C:\Users\zbuser\OneDrive\Desktop\projects\GameEngine\Engine\Engine.vcxproj]
         (compiling source file 'src/Engine/LayerStack.cpp')
             C:\Program Files\Microsoft Visual Studio\2022\Community\VC\Tools\MSVC\14.43.34808\include\iosfwd(179,7):
             see declaration of 'std::basic_ostream<char,std::char_traits<char>>'
         
     2>C:\Program Files\Microsoft Visual Studio\2022\Community\VC\Tools\MSVC\14.43.34808\include\__msvc_string_view.hpp(561,9): error C2065: 'badbit': undeclared identifier [C:\Users\zbuser\OneDrive\Desktop\projects\GameEngine\Engine\Engine.vcxproj]
         (compiling source file 'src/Engine/LayerStack.cpp')
         
     2>C:\Program Files\Microsoft Visual Studio\2022\Community\VC\Tools\MSVC\14.43.34808\include\__msvc_string_view.hpp(564,5): error C2027: use of undefined type 'std::basic_ostream<char,std::char_traits<char>>' [C:\Users\zbuser\OneDrive\Desktop\projects\GameEngine\Engine\Engine.vcxproj]
         (compiling source file 'src/Engine/LayerStack.cpp')
             C:\Program Files\Microsoft Visual Studio\2022\Community\VC\Tools\MSVC\14.43.34808\include\iosfwd(179,7):
             see declaration of 'std::basic_ostream<char,std::char_traits<char>>'
         
     2>C:\Program Files\Microsoft Visual Studio\2022\Community\VC\Tools\MSVC\14.43.34808\include\__msvc_string_view.hpp(564,20): error C2065: '_State': undeclared identifier [C:\Users\zbuser\OneDrive\Desktop\projects\GameEngine\Engine\Engine.vcxproj]
         (compiling source file 'src/Engine/LayerStack.cpp')
         
         WindowsWindow.cpp
     2>C:\Program Files (x86)\Windows Kits\10\Include\10.0.22621.0\shared\minwindef.h(130,9): warning C4005: 'APIENTRY': macro redefinition [C:\Users\zbuser\OneDrive\Desktop\projects\GameEngine\Engine\Engine.vcxproj]
         (compiling source file 'src/Platform/Windows/WindowsWindow.cpp')
             C:\Users\zbuser\OneDrive\Desktop\projects\GameEngine\Engine\vendor\glfw\include\GLFW\glfw3.h(123,11):
             see previous definition of 'APIENTRY'
         
         Generating Code...
     2>Done Building Project "C:\Users\zbuser\OneDrive\Desktop\projects\GameEngine\Engine\Engine.vcxproj" (default targets) -- FAILED.
     1>Done Building Project "C:\Users\zbuser\OneDrive\Desktop\projects\GameEngine\Engine.sln" (Engine target(s)) -- FAILED.

Build FAILED.

       "C:\Users\zbuser\OneDrive\Desktop\projects\GameEngine\Engine.sln" (Engine target) (1) ->
       "C:\Users\zbuser\OneDrive\Desktop\projects\GameEngine\Engine\Engine.vcxproj" (default target) (2) ->
       (ClCompile target) -> 
         C:\Program Files (x86)\Windows Kits\10\Include\10.0.22621.0\shared\minwindef.h(130,9): warning C4005: 'APIENTRY': macro redefinition [C:\Users\zbuser\OneDrive\Desktop\projects\GameEngine\Engine\Engine.vcxproj]


       "C:\Users\zbuser\OneDrive\Desktop\projects\GameEngine\Engine.sln" (Engine target) (1) ->
       "C:\Users\zbuser\OneDrive\Desktop\projects\GameEngine\Engine\Engine.vcxproj" (default target) (2) ->
       (ClCompile target) -> 
         C:\Program Files\Microsoft Visual Studio\2022\Community\VC\Tools\MSVC\14.43.34808\include\__msvc_string_view.hpp(524,23): error C2027: use of undefined type 'std::basic_ostream<char,std::char_traits<char>>' [C:\Users\zbuser\OneDrive\Desktop\projects\GameEngine\Engine\Engine.vcxproj]
         C:\Program Files\Microsoft Visual Studio\2022\Community\VC\Tools\MSVC\14.43.34808\include\__msvc_string_view.hpp(524,23): error C2065: 'iostate': undeclared identifier [C:\Users\zbuser\OneDrive\Desktop\projects\GameEngine\Engine\Engine.vcxproj]
         C:\Program Files\Microsoft Visual Studio\2022\Community\VC\Tools\MSVC\14.43.34808\include\__msvc_string_view.hpp(524,31): error C2146: syntax error: missing ';' before identifier '_State' [C:\Users\zbuser\OneDrive\Desktop\projects\GameEngine\Engine\Engine.vcxproj]
         C:\Program Files\Microsoft Visual Studio\2022\Community\VC\Tools\MSVC\14.43.34808\include\__msvc_string_view.hpp(524,31): error C2065: '_State': undeclared identifier [C:\Users\zbuser\OneDrive\Desktop\projects\GameEngine\Engine\Engine.vcxproj]
         C:\Program Files\Microsoft Visual Studio\2022\Community\VC\Tools\MSVC\14.43.34808\include\__msvc_string_view.hpp(524,49): error C2027: use of undefined type 'std::basic_ostream<char,std::char_traits<char>>' [C:\Users\zbuser\OneDrive\Desktop\projects\GameEngine\Engine\Engine.vcxproj]
         C:\Program Files\Microsoft Visual Studio\2022\Community\VC\Tools\MSVC\14.43.34808\include\__msvc_string_view.hpp(524,49): error C2065: 'goodbit': undeclared identifier [C:\Users\zbuser\OneDrive\Desktop\projects\GameEngine\Engine\Engine.vcxproj]
         C:\Program Files\Microsoft Visual Studio\2022\Community\VC\Tools\MSVC\14.43.34808\include\__msvc_string_view.hpp(527,9): error C2027: use of undefined type 'std::basic_ostream<char,std::char_traits<char>>' [C:\Users\zbuser\OneDrive\Desktop\projects\GameEngine\Engine\Engine.vcxproj]
         C:\Program Files\Microsoft Visual Studio\2022\Community\VC\Tools\MSVC\14.43.34808\include\__msvc_string_view.hpp(527,51): error C2027: use of undefined type 'std::basic_ostream<char,std::char_traits<char>>' [C:\Users\zbuser\OneDrive\Desktop\projects\GameEngine\Engine\Engine.vcxproj]
         C:\Program Files\Microsoft Visual Studio\2022\Community\VC\Tools\MSVC\14.43.34808\include\__msvc_string_view.hpp(530,36): error C2027: use of undefined type 'std::basic_ostream<char,std::char_traits<char>>' [C:\Users\zbuser\OneDrive\Desktop\projects\GameEngine\Engine\Engine.vcxproj]
         C:\Program Files\Microsoft Visual Studio\2022\Community\VC\Tools\MSVC\14.43.34808\include\__msvc_string_view.hpp(533,29): error C2027: use of undefined type 'std::basic_ostream<char,std::char_traits<char>>' [C:\Users\zbuser\OneDrive\Desktop\projects\GameEngine\Engine\Engine.vcxproj]
         C:\Program Files\Microsoft Visual Studio\2022\Community\VC\Tools\MSVC\14.43.34808\include\__msvc_string_view.hpp(533,5): error C4430: missing type specifier - int assumed. Note: C++ does not support default-int [C:\Users\zbuser\OneDrive\Desktop\projects\GameEngine\Engine\Engine.vcxproj]
         C:\Program Files\Microsoft Visual Studio\2022\Community\VC\Tools\MSVC\14.43.34808\include\__msvc_string_view.hpp(533,36): error C2146: syntax error: missing ';' before identifier '_Ok' [C:\Users\zbuser\OneDrive\Desktop\projects\GameEngine\Engine\Engine.vcxproj]
         C:\Program Files\Microsoft Visual Studio\2022\Community\VC\Tools\MSVC\14.43.34808\include\__msvc_string_view.hpp(533,36): error C3861: '_Ok': identifier not found [C:\Users\zbuser\OneDrive\Desktop\projects\GameEngine\Engine\Engine.vcxproj]
         C:\Program Files\Microsoft Visual Studio\2022\Community\VC\Tools\MSVC\14.43.34808\include\__msvc_string_view.hpp(535,10): error C2065: '_Ok': undeclared identifier [C:\Users\zbuser\OneDrive\Desktop\projects\GameEngine\Engine\Engine.vcxproj]
         C:\Program Files\Microsoft Visual Studio\2022\Community\VC\Tools\MSVC\14.43.34808\include\__msvc_string_view.hpp(536,9): error C2065: '_State': undeclared identifier [C:\Users\zbuser\OneDrive\Desktop\projects\GameEngine\Engine\Engine.vcxproj]
         C:\Program Files\Microsoft Visual Studio\2022\Community\VC\Tools\MSVC\14.43.34808\include\__msvc_string_view.hpp(536,28): error C2027: use of undefined type 'std::basic_ostream<char,std::char_traits<char>>' [C:\Users\zbuser\OneDrive\Desktop\projects\GameEngine\Engine\Engine.vcxproj]
         C:\Program Files\Microsoft Visual Studio\2022\Community\VC\Tools\MSVC\14.43.34808\include\__msvc_string_view.hpp(536,28): error C2065: 'badbit': undeclared identifier [C:\Users\zbuser\OneDrive\Desktop\projects\GameEngine\Engine\Engine.vcxproj]
         C:\Program Files\Microsoft Visual Studio\2022\Community\VC\Tools\MSVC\14.43.34808\include\__msvc_string_view.hpp(539,14): error C2027: use of undefined type 'std::basic_ostream<char,std::char_traits<char>>' [C:\Users\zbuser\OneDrive\Desktop\projects\GameEngine\Engine\Engine.vcxproj]
         C:\Program Files\Microsoft Visual Studio\2022\Community\VC\Tools\MSVC\14.43.34808\include\__msvc_string_view.hpp(539,39): error C2027: use of undefined type 'std::basic_ostream<char,std::char_traits<char>>' [C:\Users\zbuser\OneDrive\Desktop\projects\GameEngine\Engine\Engine.vcxproj]
         C:\Program Files\Microsoft Visual Studio\2022\Community\VC\Tools\MSVC\14.43.34808\include\__msvc_string_view.hpp(539,39): error C2065: 'adjustfield': undeclared identifier [C:\Users\zbuser\OneDrive\Desktop\projects\GameEngine\Engine\Engine.vcxproj]
         C:\Program Files\Microsoft Visual Studio\2022\Community\VC\Tools\MSVC\14.43.34808\include\__msvc_string_view.hpp(539,64): error C2027: use of undefined type 'std::basic_ostream<char,std::char_traits<char>>' [C:\Users\zbuser\OneDrive\Desktop\projects\GameEngine\Engine\Engine.vcxproj]
         C:\Program Files\Microsoft Visual Studio\2022\Community\VC\Tools\MSVC\14.43.34808\include\__msvc_string_view.hpp(539,64): error C2065: 'left': undeclared identifier [C:\Users\zbuser\OneDrive\Desktop\projects\GameEngine\Engine\Engine.vcxproj]
         C:\Program Files\Microsoft Visual Studio\2022\Community\VC\Tools\MSVC\14.43.34808\include\__msvc_string_view.hpp(541,58): error C2027: use of undefined type 'std::basic_ostream<char,std::char_traits<char>>' [C:\Users\zbuser\OneDrive\Desktop\projects\GameEngine\Engine\Engine.vcxproj]
         C:\Program Files\Microsoft Visual Studio\2022\Community\VC\Tools\MSVC\14.43.34808\include\__msvc_string_view.hpp(541,79): error C2027: use of undefined type 'std::basic_ostream<char,std::char_traits<char>>' [C:\Users\zbuser\OneDrive\Desktop\projects\GameEngine\Engine\Engine.vcxproj]
         C:\Program Files\Microsoft Visual Studio\2022\Community\VC\Tools\MSVC\14.43.34808\include\__msvc_string_view.hpp(541,30): error C2660: 'std::_Narrow_char_traits<char,int>::eq_int_type': function does not take 1 arguments [C:\Users\zbuser\OneDrive\Desktop\projects\GameEngine\Engine\Engine.vcxproj]
         C:\Program Files\Microsoft Visual Studio\2022\Community\VC\Tools\MSVC\14.43.34808\include\__msvc_string_view.hpp(542,21): error C2065: '_State': undeclared identifier [C:\Users\zbuser\OneDrive\Desktop\projects\GameEngine\Engine\Engine.vcxproj]
         C:\Program Files\Microsoft Visual Studio\2022\Community\VC\Tools\MSVC\14.43.34808\include\__msvc_string_view.hpp(542,40): error C2027: use of undefined type 'std::basic_ostream<char,std::char_traits<char>>' [C:\Users\zbuser\OneDrive\Desktop\projects\GameEngine\Engine\Engine.vcxproj]
         C:\Program Files\Microsoft Visual Studio\2022\Community\VC\Tools\MSVC\14.43.34808\include\__msvc_string_view.hpp(542,40): error C2065: 'badbit': undeclared identifier [C:\Users\zbuser\OneDrive\Desktop\projects\GameEngine\Engine\Engine.vcxproj]
         C:\Program Files\Microsoft Visual Studio\2022\Community\VC\Tools\MSVC\14.43.34808\include\__msvc_string_view.hpp(548,13): error C2065: '_State': undeclared identifier [C:\Users\zbuser\OneDrive\Desktop\projects\GameEngine\Engine\Engine.vcxproj]
         C:\Program Files\Microsoft Visual Studio\2022\Community\VC\Tools\MSVC\14.43.34808\include\__msvc_string_view.hpp(548,32): error C2027: use of undefined type 'std::basic_ostream<char,std::char_traits<char>>' [C:\Users\zbuser\OneDrive\Desktop\projects\GameEngine\Engine\Engine.vcxproj]
         C:\Program Files\Microsoft Visual Studio\2022\Community\VC\Tools\MSVC\14.43.34808\include\__msvc_string_view.hpp(548,32): error C2065: 'goodbit': undeclared identifier [C:\Users\zbuser\OneDrive\Desktop\projects\GameEngine\Engine\Engine.vcxproj]
         C:\Program Files\Microsoft Visual Studio\2022\Community\VC\Tools\MSVC\14.43.34808\include\__msvc_string_view.hpp(549,16): error C2027: use of undefined type 'std::basic_ostream<char,std::char_traits<char>>' [C:\Users\zbuser\OneDrive\Desktop\projects\GameEngine\Engine\Engine.vcxproj]
         C:\Program Files\Microsoft Visual Studio\2022\Community\VC\Tools\MSVC\14.43.34808\include\__msvc_string_view.hpp(550,13): error C2065: '_State': undeclared identifier [C:\Users\zbuser\OneDrive\Desktop\projects\GameEngine\Engine\Engine.vcxproj]
         C:\Program Files\Microsoft Visual Studio\2022\Community\VC\Tools\MSVC\14.43.34808\include\__msvc_string_view.hpp(550,32): error C2027: use of undefined type 'std::basic_ostream<char,std::char_traits<char>>' [C:\Users\zbuser\OneDrive\Desktop\projects\GameEngine\Engine\Engine.vcxproj]
         C:\Program Files\Microsoft Visual Studio\2022\Community\VC\Tools\MSVC\14.43.34808\include\__msvc_string_view.hpp(550,32): error C2065: 'badbit': undeclared identifier [C:\Users\zbuser\OneDrive\Desktop\projects\GameEngine\Engine\Engine.vcxproj]
         C:\Program Files\Microsoft Visual Studio\2022\Community\VC\Tools\MSVC\14.43.34808\include\__msvc_string_view.hpp(553,58): error C2027: use of undefined type 'std::basic_ostream<char,std::char_traits<char>>' [C:\Users\zbuser\OneDrive\Desktop\projects\GameEngine\Engine\Engine.vcxproj]
         C:\Program Files\Microsoft Visual Studio\2022\Community\VC\Tools\MSVC\14.43.34808\include\__msvc_string_view.hpp(553,79): error C2027: use of undefined type 'std::basic_ostream<char,std::char_traits<char>>' [C:\Users\zbuser\OneDrive\Desktop\projects\GameEngine\Engine\Engine.vcxproj]
         C:\Program Files\Microsoft Visual Studio\2022\Community\VC\Tools\MSVC\14.43.34808\include\__msvc_string_view.hpp(553,30): error C2660: 'std::_Narrow_char_traits<char,int>::eq_int_type': function does not take 1 arguments [C:\Users\zbuser\OneDrive\Desktop\projects\GameEngine\Engine\Engine.vcxproj]
         C:\Program Files\Microsoft Visual Studio\2022\Community\VC\Tools\MSVC\14.43.34808\include\__msvc_string_view.hpp(554,21): error C2065: '_State': undeclared identifier [C:\Users\zbuser\OneDrive\Desktop\projects\GameEngine\Engine\Engine.vcxproj]
         C:\Program Files\Microsoft Visual Studio\2022\Community\VC\Tools\MSVC\14.43.34808\include\__msvc_string_view.hpp(554,40): error C2027: use of undefined type 'std::basic_ostream<char,std::char_traits<char>>' [C:\Users\zbuser\OneDrive\Desktop\projects\GameEngine\Engine\Engine.vcxproj]
         C:\Program Files\Microsoft Visual Studio\2022\Community\VC\Tools\MSVC\14.43.34808\include\__msvc_string_view.hpp(554,40): error C2065: 'badbit': undeclared identifier [C:\Users\zbuser\OneDrive\Desktop\projects\GameEngine\Engine\Engine.vcxproj]
         C:\Program Files\Microsoft Visual Studio\2022\Community\VC\Tools\MSVC\14.43.34808\include\__msvc_string_view.hpp(560,9): error C2027: use of undefined type 'std::basic_ostream<char,std::char_traits<char>>' [C:\Users\zbuser\OneDrive\Desktop\projects\GameEngine\Engine\Engine.vcxproj]
         C:\Program Files\Microsoft Visual Studio\2022\Community\VC\Tools\MSVC\14.43.34808\include\__msvc_string_view.hpp(561,9): error C2027: use of undefined type 'std::basic_ostream<char,std::char_traits<char>>' [C:\Users\zbuser\OneDrive\Desktop\projects\GameEngine\Engine\Engine.vcxproj]
         C:\Program Files\Microsoft Visual Studio\2022\Community\VC\Tools\MSVC\14.43.34808\include\__msvc_string_view.hpp(561,9): error C2065: 'badbit': undeclared identifier [C:\Users\zbuser\OneDrive\Desktop\projects\GameEngine\Engine\Engine.vcxproj]
         C:\Program Files\Microsoft Visual Studio\2022\Community\VC\Tools\MSVC\14.43.34808\include\__msvc_string_view.hpp(564,5): error C2027: use of undefined type 'std::basic_ostream<char,std::char_traits<char>>' [C:\Users\zbuser\OneDrive\Desktop\projects\GameEngine\Engine\Engine.vcxproj]
         C:\Program Files\Microsoft Visual Studio\2022\Community\VC\Tools\MSVC\14.43.34808\include\__msvc_string_view.hpp(564,20): error C2065: '_State': undeclared identifier [C:\Users\zbuser\OneDrive\Desktop\projects\GameEngine\Engine\Engine.vcxproj]

    1 Warning(s)
    46 Error(s)

Time Elapsed 00:00:07.96
